<html>
<body>
<pre>
<h1>µVision Build Log</h1>
<h2>Tool Versions:</h2>
IDE-Version: ¶ÃVision V5.32.0.0
Copyright (C) 2020 ARM Ltd and ARM Germany GmbH. All rights reserved.
License Information: Lee TempersLee, LTP, LIC=BUURY-IBFNL-NNMAF-6Q0ES-IZFPV-TUW1M
 
Tool Versions:
Toolchain:       MDK-ARM Plus  Version: 5.32.0.0
Toolchain Path:  D:\Keil_v5\ARM\ARMCC\Bin
C Compiler:      Armcc.exe V5.06 update 7 (build 960)
Assembler:       Armasm.exe V5.06 update 7 (build 960)
Linker/Locator:  ArmLink.exe V5.06 update 7 (build 960)
Library Manager: ArmAr.exe V5.06 update 7 (build 960)
Hex Converter:   FromElf.exe V5.06 update 7 (build 960)
CPU DLL:         SARMCM3.DLL V5.32.0.0
Dialog DLL:      DCM.DLL V1.17.3.0
Target DLL:      CMSIS_AGDI.dll V1.32.12.0
Dialog DLL:      TCM.DLL V1.46.0.0
 
<h2>Project:</h2>
E:\WCH\RISC-V\V2RAM±‡≥Ãœ¬‘ÿ\CH32V003_1Line_SDIO_Program_Base_on_CH32F103\CH32V003_1Line\CH32V003_1Line\CH32V003_1Line\CH32F10x.uvprojx
Project File Date:  03/07/2023

<h2>Output:</h2>
*** Using Compiler 'V5.06 update 7 (build 960)', folder: 'D:\Keil_v5\ARM\ARMCC\Bin'
Rebuild target 'CH32F10x'
assembling startup_ch32f10x.s...
compiling system_ch32f10x.c...
compiling core_cm3.c...
compiling Main.c...
compiling ch32f10x_it.c...
compiling ch32f10x_bkp.c...
compiling debug.c...
compiling ch32f10x_adc.c...
compiling ch32f10x_can.c...
compiling ch32f10x_crc.c...
compiling ch32f10x_dac.c...
compiling ch32f10x_dbgmcu.c...
compiling ch32f10x_dma.c...
compiling ch32f10x_exti.c...
compiling ch32f10x_gpio.c...
compiling ch32f10x_flash.c...
compiling ch32f10x_iwdg.c...
compiling ch32f10x_i2c.c...
compiling ch32f10x_misc.c...
compiling ch32f10x_pwr.c...
compiling ch32f10x_rtc.c...
compiling ch32f10x_spi.c...
compiling ch32f10x_rcc.c...
compiling ch32f10x_usart.c...
compiling ch32f10x_wwdg.c...
compiling ch32f10x_tim.c...
compiling flashop.c...
compiling flash_prg_algorithm.c...
compiling singleline.c...
linking...
Program Size: Code=7096 RO-data=17420 RW-data=56 ZI-data=1720  
FromELF: creating hex file...
".\obj\CH32V003_1Line.axf" - 0 Error(s), 0 Warning(s).

<h2>Software Packages used:</h2>

Package Vendor: Keil
                http://www.wch.cn/Keil.WCH32F1xx_DFP.1.0.0.pack
                Keil.WCH32F1xx_DFP.1.0.0
                WCH CH32F1 Series Device Support, Drivers and Examples

<h2>Collection of Component include folders:</h2>
  D:\Keil_v5\ARM\PACK\Keil\WCH32F1xx_DFP\1.0.0\Device\Include

<h2>Collection of Component Files used:</h2>
Build Time Elapsed:  00:00:06
</pre>
</body>
</html>
